
> tarhana-app@0.0.0 start
> ng serve

Component HMR has been enabled, see https://angular.dev/hmr for more info.
❯ Building...
✔ Building...
Initial chunk files | Names         |  Raw size
main.js             | main          | 377.00 kB |
styles.css          | styles        |  57.15 kB |

                    | Initial total | 434.14 kB

Application bundle generation complete. [4.049 seconds]

Watch mode enabled. Watching for file changes...
NOTE: Raw file sizes do not reflect development server per-request transformations.
  ➜  Local:   http://localhost:4200/
❯ Changes detected. Rebuilding...
✔ Changes detected. Rebuilding...
Initial chunk files | Names |  Raw size
main.js             | main  | 377.12 kB |

Application bundle generation complete. [1.320 seconds]

Page reload sent to client(s).
❯ Changes detected. Rebuilding...
✔ Changes detected. Rebuilding...
Initial chunk files | Names |  Raw size
main.js             | main  | 377.21 kB |

Application bundle generation complete. [0.814 seconds]

Page reload sent to client(s).
